// Jest Snapshot v1, https://goo.gl/fbAQLP

exports[`Upload middleware 1`] = `
Object {
  "cover": Object {
    "url": "http://localhost/",
  },
  "description": "The description",
}
`;
